// Jest Snapshot v1, https://goo.gl/fbAQLP

exports[`Button component should match the snapshot 1`] = `
<DocumentFragment>
  <button
    class="sc-bdvvtL cwIfXK"
  >
    Click me
  </button>
</DocumentFragment>
`;
